Canonical: /home/byron/Downloads/KnowEdge_AutoRelease_Suite
Audit repo: /home/byron/DIO-Full-Audit
Lilith/L1l1th exclusion: ACTIVE
Mode: SCAN-ONLY

Canonical scanned=16176, safe-indexed=16176, sensitive-excluded=0

Scanning: /home/byron/Downloads/Hivenance_Phoenix_Phase7_1_Integration_Reconciliation
  modified=2 new=4585 duplicate=13 potential=1.6 GiB
Scanning: /home/byron/Hivenance
  modified=1 new=24672 duplicate=0 potential=899.2 MiB
Scanning: /home/byron/Downloads/NicheFoundry_Phase11
  modified=1 new=92931 duplicate=23 potential=3.4 GiB
Scanning: /home/byron/Downloads/NoEdge-Multi-Hymark-main
  modified=1 new=322 duplicate=0 potential=35.6 MiB
Scanning: /home/byron/Evidex
  modified=1 new=1809 duplicate=77 potential=81.5 MiB
Scanning: /home/byron/Vamp-Offline
  modified=1 new=29464 duplicate=0 potential=496.8 MiB
Scanning: /home/byron/EdgeK-BEAST
  modified=1 new=394281 duplicate=0 potential=9.6 GiB
Scanning: /home/byron/Downloads/Metatron-triune-outbound-gate
  modified=2 new=59502 duplicate=2855 potential=4.0 GiB
Scanning: /home/byron/Integritas-Mechanicus
  modified=1 new=33382 duplicate=0 potential=1.1 GiB
Scanning: /home/byron/Downloads/outlook triage
  modified=1 new=34 duplicate=0 potential=723.2 KiB

==============================================================================
Manifest: /home/byron/DIO-Full-Audit/CROSS_FOLDER_MANIFEST.json
Summary:  /home/byron/DIO-Full-Audit/CROSS_FOLDER_SUMMARY.txt
Potential divergent copy size: 21.1 GiB
Actual copied size: 0.0 B

SCAN COMPLETE. Review the summary before --copy.
