DIO SURGICAL HARVESTER v2
==============================================================================
Mode: SCAN-ONLY
Lilith/L1l1th exclusion: ACTIVE

Hivenance_Phoenix_Phase7_1_Integration_Reconciliation selected=  4411 size=  83.7 MiB
Hivenance                                        selected= 22884 size= 277.1 MiB
NicheFoundry_Phase11                             selected= 83886 size= 905.4 MiB
NoEdge-Multi-Hymark-main                         selected=   248 size=  10.6 MiB
Evidex                                           selected=  1726 size=  71.1 MiB
Vamp-Offline                                     selected= 27729 size= 340.0 MiB
EdgeK-BEAST                                      selected=363034 size=   4.6 GiB
Metatron-triune-outbound-gate                    selected= 45968 size= 558.5 MiB
Integritas-Mechanicus                            selected=  5444 size= 149.8 MiB
outlook triage                                   selected=    32 size= 472.0 KiB

==============================================================================
Filtered manifest: /home/byron/DIO-Full-Audit/CROSS_FOLDER_FILTERED_MANIFEST.json
Filtered summary:  /home/byron/DIO-Full-Audit/CROSS_FOLDER_FILTERED_SUMMARY.txt
Total selected: 7.0 GiB
Total copied: 0.0 B

SCAN COMPLETE. Review filtered summary before --copy.
