DIO CROSS-FOLDER HARVESTER v3
==============================================================================
Mode: SCAN-ONLY
Hard private exclusion: ACTIVE

Hivenance_Phoenix_Phase7_1_Integration_Reconciliation code=  296 proof=  7 media=  0 total=   4.1 MiB
Hivenance                                        code=  505 proof= 60 media= 22 total=  10.8 MiB
NicheFoundry_Phase11                             code=   93 proof= 60 media= 24 total=  35.8 MiB
NoEdge-Multi-Hymark-main                         code=  160 proof=  2 media=  0 total=   1.4 MiB
Evidex                                           code=   68 proof=  1 media= 24 total=  54.1 MiB
Vamp-Offline                                     code=  430 proof=  2 media= 20 total= 104.8 MiB
EdgeK-BEAST                                      code= 3715 proof= 60 media=  3 total=  23.3 MiB
Metatron-triune-outbound-gate                    code= 4787 proof= 60 media=  4 total=  45.9 MiB
Integritas-Mechanicus                            code=  592 proof= 60 media=  0 total=  23.1 MiB
outlook triage                                   code=   25 proof=  0 media=  0 total= 324.0 KiB

==============================================================================
Manifest: /home/byron/DIO-Full-Audit/CROSS_FOLDER_V3_MANIFEST.json
Summary:  /home/byron/DIO-Full-Audit/CROSS_FOLDER_V3_SUMMARY.txt
Total selected: 303.4 MiB
Total copied: 0.0 B

SCAN COMPLETE. Review v3 summary before --copy.
